 Tests

 Timestamp is 3dc27c68 (Fri Nov 01 14:06:48 2002)

 Preferred load address is 00400000

 Start         Length     Name                   Class
 0001:00000000 000064ceH .text                   CODE
 0002:00000000 000000c8H .idata$5                DATA
 0002:000000c8 00000490H .rdata                  DATA
 0002:00000558 00000014H .idata$2                DATA
 0002:0000056c 00000014H .idata$3                DATA
 0002:00000580 000000c8H .idata$4                DATA
 0002:00000648 0000036cH .idata$6                DATA
 0002:000009b4 00000000H .edata                  DATA
 0003:00000000 00000004H .CRT$XCA                DATA
 0003:00000004 00000004H .CRT$XCZ                DATA
 0003:00000008 00000004H .CRT$XIA                DATA
 0003:0000000c 00000008H .CRT$XIC                DATA
 0003:00000014 00000004H .CRT$XIZ                DATA
 0003:00000018 00000004H .CRT$XPA                DATA
 0003:0000001c 00000008H .CRT$XPX                DATA
 0003:00000024 00000004H .CRT$XPZ                DATA
 0003:00000028 00000004H .CRT$XTA                DATA
 0003:0000002c 00000004H .CRT$XTZ                DATA
 0003:00000030 00000efcH .data                   DATA
 0003:00000f30 00001578H .bss                    DATA

  Address         Publics by Value              Rva+Base     Lib:Object

 0001:00000000       ?isknown@@YAHPAD@Z         00401000 f   Tests.obj
 0001:00000020       _main                      00401020 f   Tests.obj
 0001:00000100       _printf                    00401100 f   LIBC:printf.obj
 0001:00000131       __fpmath                   00401131 f   LIBC:fpinit.obj
 0001:00000148       __fpclear                  00401148 f   LIBC:fpinit.obj
 0001:00000149       __cfltcvt_init             00401149 f   LIBC:fpinit.obj
 0001:00000181       ___setfflag                00401181 f   LIBC:fpinit.obj
 0001:00000191       _mainCRTStartup            00401191 f   LIBC:crt0.obj
 0001:00000270       __amsg_exit                00401270 f   LIBC:crt0.obj
 0001:000002b9       __stbuf                    004012b9 f   LIBC:_sftbuf.obj
 0001:00000346       __ftbuf                    00401346 f   LIBC:_sftbuf.obj
 0001:00000383       __output                   00401383 f   LIBC:output.obj
 0001:00000b8d       ___initstdio               00401b8d f   LIBC:_file.obj
 0001:00000c32       ___endstdio                00401c32 f   LIBC:_file.obj
 0001:00000c46       __setdefaultprecision      00401c46 f   LIBC:fp8.obj
 0001:00000c58       __ms_p5_test_fdiv          00401c58 f   LIBC:testfdiv.obj
 0001:00000c96       __ms_p5_mp_test_fdiv       00401c96 f   LIBC:testfdiv.obj
 0001:00000cbf       __forcdecpt                00401cbf f   LIBC:cvt.obj
 0001:00000d19       __cropzeros                00401d19 f   LIBC:cvt.obj
 0001:00000d67       __positive                 00401d67 f   LIBC:cvt.obj
 0001:00000d7f       __fassign                  00401d7f f   LIBC:cvt.obj
 0001:00000dbd       __cftoe                    00401dbd f   LIBC:cvt.obj
 0001:00000ec1       __cftof                    00401ec1 f   LIBC:cvt.obj
 0001:00000f9f       __cftog                    00401f9f f   LIBC:cvt.obj
 0001:00001084       __cfltcvt                  00402084 f   LIBC:cvt.obj
 0001:000010fa       __cinit                    004020fa f   LIBC:crt0dat.obj
 0001:00001127       _exit                      00402127 f   LIBC:crt0dat.obj
 0001:00001138       __exit                     00402138 f   LIBC:crt0dat.obj
 0001:00001149       __cexit                    00402149 f   LIBC:crt0dat.obj
 0001:00001158       __c_exit                   00402158 f   LIBC:crt0dat.obj
 0001:0000121a       __XcptFilter               0040221a f   LIBC:winxfltr.obj
 0001:0000139e       __setenvp                  0040239e f   LIBC:stdenvp.obj
 0001:00001457       __setargv                  00402457 f   LIBC:stdargv.obj
 0001:000016a4       ___crtGetEnvironmentStringsA 004026a4 f   LIBC:a_env.obj
 0001:000017d6       __ioinit                   004027d6 f   LIBC:ioinit.obj
 0001:00001981       __ioterm                   00402981 f   LIBC:ioinit.obj
 0001:000019a4       __heap_init                004029a4 f   LIBC:heapinit.obj
 0001:000019e0       __heap_term                004029e0 f   LIBC:heapinit.obj
 0001:00001a58       __global_unwind2           00402a58 f   LIBC:exsup.obj
 0001:00001a9a       __local_unwind2            00402a9a f   LIBC:exsup.obj
 0001:00001af2       __NLG_Return2              00402af2 f   LIBC:exsup.obj
 0001:00001b02       __abnormal_termination     00402b02 f   LIBC:exsup.obj
 0001:00001b25       __NLG_Notify1              00402b25 f   LIBC:exsup.obj
 0001:00001b2e       __NLG_Notify               00402b2e f   LIBC:exsup.obj
 0001:00001b41       __NLG_Dispatch             00402b41 f   LIBC:exsup.obj
 0001:00001b50       __except_handler3          00402b50 f   LIBC:exsup3.obj
 0001:00001c0d       __seh_longjmp_unwind@4     00402c0d f   LIBC:exsup3.obj
 0001:00001c28       __FF_MSGBANNER             00402c28 f   LIBC:crt0msg.obj
 0001:00001c61       __NMSG_WRITE               00402c61 f   LIBC:crt0msg.obj
 0001:00001db4       __GET_RTERRMSG             00402db4 f   LIBC:crt0msg.obj
 0001:00001de5       _malloc                    00402de5 f   LIBC:malloc.obj
 0001:00001df7       __nh_malloc                00402df7 f   LIBC:malloc.obj
 0001:00001e23       __heap_alloc               00402e23 f   LIBC:malloc.obj
 0001:00001e59       __isatty                   00402e59 f   LIBC:isatty.obj
 0001:00001e7f       _fflush                    00402e7f f   LIBC:fflush.obj
 0001:00001eba       __flush                    00402eba f   LIBC:fflush.obj
 0001:00001f16       __flushall                 00402f16 f   LIBC:fflush.obj
 0001:00001f90       _strlen                    00402f90 f   LIBC:strlen.obj
 0001:0000200b       _wctomb                    0040300b f   LIBC:wctomb.obj
 0001:00002080       __aulldiv                  00403080 f   LIBC:ulldiv.obj
 0001:000020f0       __aullrem                  004030f0 f   LIBC:ullrem.obj
 0001:00002165       __flsbuf                   00403165 f   LIBC:_flsbuf.obj
 0001:0000227a       _calloc                    0040327a f   LIBC:calloc.obj
 0001:000022f7       __fcloseall                004032f7 f   LIBC:closeall.obj
 0001:0000234f       __statusfp                 0040334f f   LIBC:ieee87.obj
 0001:00002362       __clearfp                  00403362 f   LIBC:ieee87.obj
 0001:00002376       __control87                00403376 f   LIBC:ieee87.obj
 0001:000023ab       __controlfp                004033ab f   LIBC:ieee87.obj
 0001:000023c1       __fpreset                  004033c1 f   LIBC:ieee87.obj
 0001:0000253b       __isctype                  0040353b f   LIBC:isctype.obj
 0001:000025b0       __tolower                  004035b0 f   LIBC:tolower.obj
 0001:000025b8       _tolower                   004035b8 f   LIBC:tolower.obj
 0001:00002683       __ZeroTail                 00403683 f   LIBC:intrncvt.obj
 0001:000026cc       __IncMan                   004036cc f   LIBC:intrncvt.obj
 0001:00002722       __RoundMan                 00403722 f   LIBC:intrncvt.obj
 0001:000027ae       __CopyMan                  004037ae f   LIBC:intrncvt.obj
 0001:000027c9       __FillZeroMan              004037c9 f   LIBC:intrncvt.obj
 0001:000027d5       __IsZeroMan                004037d5 f   LIBC:intrncvt.obj
 0001:000027f0       __ShrMan                   004037f0 f   LIBC:intrncvt.obj
 0001:0000287d       __ld12cvt                  0040387d f   LIBC:intrncvt.obj
 0001:000029e9       __ld12tod                  004039e9 f   LIBC:intrncvt.obj
 0001:000029ff       __ld12tof                  004039ff f   LIBC:intrncvt.obj
 0001:00002a15       __ld12told                 00403a15 f   LIBC:intrncvt.obj
 0001:00002a8f       __atodbl                   00403a8f f   LIBC:intrncvt.obj
 0001:00002abc       __atoldbl                  00403abc f   LIBC:intrncvt.obj
 0001:00002aea       __atoflt                   00403aea f   LIBC:intrncvt.obj
 0001:00002b20       _strcpy                    00403b20 f   LIBC:strcat.obj
 0001:00002b30       _strcat                    00403b30 f   LIBC:strcat.obj
 0001:00002c10       __fptostr                  00403c10 f   LIBC:_fptostr.obj
 0001:00002c87       __fltout                   00403c87 f   LIBC:cfout.obj
 0001:00002ceb       ___dtold                   00403ceb f   LIBC:cfout.obj
 0001:00002db0       _memset                    00403db0 f   LIBC:memset.obj
 0001:00002e10       _memmove                   00403e10 f   LIBC:memmove.obj
 0001:00003145       __fptrap                   00404145 f   LIBC:crt0fp.obj
 0001:0000314e       _free                      0040414e f   LIBC:free.obj
 0001:0000317d       __setmbcp                  0040417d f   LIBC:mbctype.obj
 0001:00003541       __getmbcp                  00404541 f   LIBC:mbctype.obj
 0001:00003551       ___initmbctable            00404551 f   LIBC:mbctype.obj
 0001:00003570       _memcpy                    00404570 f   LIBC:memcpy.obj
 0001:000038a5       __get_sbh_threshold        004048a5 f   LIBC:sbheap.obj
 0001:000038ab       __set_sbh_threshold        004048ab f   LIBC:sbheap.obj
 0001:000038c2       ___sbh_heap_init           004048c2 f   LIBC:sbheap.obj
 0001:00003900       ___sbh_find_block          00404900 f   LIBC:sbheap.obj
 0001:0000392b       ___sbh_free_block          0040492b f   LIBC:sbheap.obj
 0001:00003c56       ___sbh_alloc_block         00404c56 f   LIBC:sbheap.obj
 0001:00003f5f       ___sbh_alloc_new_region    00404f5f f   LIBC:sbheap.obj
 0001:00004010       ___sbh_alloc_new_group     00405010 f   LIBC:sbheap.obj
 0001:0000410b       ___sbh_resize_block        0040510b f   LIBC:sbheap.obj
 0001:00004401       ___sbh_heapmin             00405401 f   LIBC:sbheap.obj
 0001:000044d2       ___sbh_heap_check          004054d2 f   LIBC:sbheap.obj
 0001:00004801       ___crtMessageBoxA          00405801 f   LIBC:crtmbox.obj
 0001:00004890       _strncpy                   00405890 f   LIBC:strncpy.obj
 0001:0000498e       ?_set_new_handler@@YAP6AHI@ZP6AHI@Z@Z 0040598e f   LIBC:handler.obj
 0001:0000499e       ?_query_new_handler@@YAP6AHI@ZXZ 0040599e f   LIBC:handler.obj
 0001:000049a4       __callnewh                 004059a4 f   LIBC:handler.obj
 0001:000049bf       __commit                   004059bf f   LIBC:commit.obj
 0001:00004a16       __write                    00405a16 f   LIBC:write.obj
 0001:00004bc3       __lseek                    00405bc3 f   LIBC:lseek.obj
 0001:00004c5d       __getbuf                   00405c5d f   LIBC:_getbuf.obj
 0001:00004ca1       _fclose                    00405ca1 f   LIBC:fclose.obj
 0001:00004cf7       ___crtGetStringTypeA       00405cf7 f   LIBC:a_str.obj
 0001:00004e40       ___crtLCMapStringA         00405e40 f   LIBC:a_map.obj
 0001:0000508f       ___addl                    0040608f f   LIBC:mantold.obj
 0001:000050b0       ___add_12                  004060b0 f   LIBC:mantold.obj
 0001:0000510e       ___shl_12                  0040610e f   LIBC:mantold.obj
 0001:0000513c       ___shr_12                  0040613c f   LIBC:mantold.obj
 0001:00005169       ___mtold12                 00406169 f   LIBC:mantold.obj
 0001:00005230       ___strgtold12              00406230 f   LIBC:strgtold.obj
 0001:00005701       ___STRINGTOLD              00406701 f   LIBC:strgtold.obj
 0001:0000573d       _$I10_OUTPUT               0040673d f   LIBC:x10fout.obj
 0001:000059d0       __alloc_osfhnd             004069d0 f   LIBC:osfinfo.obj
 0001:00005a65       __set_osfhnd               00406a65 f   LIBC:osfinfo.obj
 0001:00005adc       __free_osfhnd              00406adc f   LIBC:osfinfo.obj
 0001:00005b56       __get_osfhandle            00406b56 f   LIBC:osfinfo.obj
 0001:00005b93       __open_osfhandle           00406b93 f   LIBC:osfinfo.obj
 0001:00005c30       __dosmaperr                00406c30 f   LIBC:dosmap.obj
 0001:00005c97       __close                    00406c97 f   LIBC:close.obj
 0001:00005d4a       __freebuf                  00406d4a f   LIBC:_freebuf.obj
 0001:00005d80       __alloca_probe             00406d80 f   LIBC:chkstk.obj
 0001:00005d80       __chkstk                   00406d80 f   LIBC:chkstk.obj
 0001:00005daf       ___ld12mul                 00406daf f   LIBC:tenpow.obj
 0001:00005fcf       ___multtenpow12            00406fcf f   LIBC:tenpow.obj
 0001:00006050       _GetCommandLineA@0         00407050 f   kernel32:KERNEL32.dll
 0001:00006056       _GetVersion@0              00407056 f   kernel32:KERNEL32.dll
 0001:0000605c       _ExitProcess@4             0040705c f   kernel32:KERNEL32.dll
 0001:00006062       _GetProcAddress@8          00407062 f   kernel32:KERNEL32.dll
 0001:00006068       _GetModuleHandleA@4        00407068 f   kernel32:KERNEL32.dll
 0001:0000606e       _TerminateProcess@8        0040706e f   kernel32:KERNEL32.dll
 0001:00006074       _GetCurrentProcess@0       00407074 f   kernel32:KERNEL32.dll
 0001:0000607a       _UnhandledExceptionFilter@4 0040707a f   kernel32:KERNEL32.dll
 0001:00006080       _GetModuleFileNameA@12     00407080 f   kernel32:KERNEL32.dll
 0001:00006086       _FreeEnvironmentStringsA@4 00407086 f   kernel32:KERNEL32.dll
 0001:0000608c       _FreeEnvironmentStringsW@4 0040708c f   kernel32:KERNEL32.dll
 0001:00006092       _WideCharToMultiByte@32    00407092 f   kernel32:KERNEL32.dll
 0001:00006098       _GetEnvironmentStrings@0   00407098 f   kernel32:KERNEL32.dll
 0001:0000609e       _GetEnvironmentStringsW@0  0040709e f   kernel32:KERNEL32.dll
 0001:000060a4       _SetHandleCount@4          004070a4 f   kernel32:KERNEL32.dll
 0001:000060aa       _GetStdHandle@4            004070aa f   kernel32:KERNEL32.dll
 0001:000060b0       _GetFileType@4             004070b0 f   kernel32:KERNEL32.dll
 0001:000060b6       _GetStartupInfoA@4         004070b6 f   kernel32:KERNEL32.dll
 0001:000060bc       _HeapDestroy@4             004070bc f   kernel32:KERNEL32.dll
 0001:000060c2       _HeapCreate@12             004070c2 f   kernel32:KERNEL32.dll
 0001:000060c8       _VirtualFree@12            004070c8 f   kernel32:KERNEL32.dll
 0001:000060ce       _HeapFree@12               004070ce f   kernel32:KERNEL32.dll
 0001:000060d4       _RtlUnwind@16              004070d4 f   kernel32:KERNEL32.dll
 0001:000060da       _WriteFile@20              004070da f   kernel32:KERNEL32.dll
 0001:000060e0       _HeapAlloc@12              004070e0 f   kernel32:KERNEL32.dll
 0001:000060e6       _GetCPInfo@8               004070e6 f   kernel32:KERNEL32.dll
 0001:000060ec       _GetACP@0                  004070ec f   kernel32:KERNEL32.dll
 0001:000060f2       _GetOEMCP@0                004070f2 f   kernel32:KERNEL32.dll
 0001:000060f8       _VirtualAlloc@16           004070f8 f   kernel32:KERNEL32.dll
 0001:000060fe       _HeapReAlloc@16            004070fe f   kernel32:KERNEL32.dll
 0001:00006104       _IsBadWritePtr@8           00407104 f   kernel32:KERNEL32.dll
 0001:0000610a       _LoadLibraryA@4            0040710a f   kernel32:KERNEL32.dll
 0001:00006110       _GetLastError@0            00407110 f   kernel32:KERNEL32.dll
 0001:00006116       _FlushFileBuffers@4        00407116 f   kernel32:KERNEL32.dll
 0001:0000611c       _SetFilePointer@16         0040711c f   kernel32:KERNEL32.dll
 0001:00006122       _MultiByteToWideChar@24    00407122 f   kernel32:KERNEL32.dll
 0001:00006128       _GetStringTypeA@20         00407128 f   kernel32:KERNEL32.dll
 0001:0000612e       _GetStringTypeW@16         0040712e f   kernel32:KERNEL32.dll
 0001:00006134       _LCMapStringA@24           00407134 f   kernel32:KERNEL32.dll
 0001:0000613a       _LCMapStringW@24           0040713a f   kernel32:KERNEL32.dll
 0001:00006140       _SetStdHandle@8            00407140 f   kernel32:KERNEL32.dll
 0001:00006146       _CloseHandle@4             00407146 f   kernel32:KERNEL32.dll
 0001:0000614c       _getch                     0040714c f   LIBC:getch.obj
 0001:0000614c       __getch                    0040714c f   LIBC:getch.obj
 0001:0000621d       __getche                   0040721d f   LIBC:getch.obj
 0001:00006255       __kbhit                    00407255 f   LIBC:getch.obj
 0001:00006313       __ungetch                  00407313 f   LIBC:getch.obj
 0001:000063f4       ___initconin               004073f4 f   LIBC:initcon.obj
 0001:00006413       ___initconout              00407413 f   LIBC:initcon.obj
 0001:00006432       ___termcon                 00407432 f   LIBC:initcon.obj
 0001:0000645f       __putch                    0040745f f   LIBC:putch.obj
 0001:000064a4       _ReadConsoleInputA@16      004074a4 f   kernel32:KERNEL32.dll
 0001:000064aa       _SetConsoleMode@8          004074aa f   kernel32:KERNEL32.dll
 0001:000064b0       _GetConsoleMode@8          004074b0 f   kernel32:KERNEL32.dll
 0001:000064b6       _PeekConsoleInputA@16      004074b6 f   kernel32:KERNEL32.dll
 0001:000064bc       _GetNumberOfConsoleInputEvents@8 004074bc f   kernel32:KERNEL32.dll
 0001:000064c2       _CreateFileA@28            004074c2 f   kernel32:KERNEL32.dll
 0001:000064c8       _WriteConsoleA@20          004074c8 f   kernel32:KERNEL32.dll
 0002:00000000       __imp__GetCPInfo@8         00408000     kernel32:KERNEL32.dll
 0002:00000004       __imp__GetVersion@0        00408004     kernel32:KERNEL32.dll
 0002:00000008       __imp__ExitProcess@4       00408008     kernel32:KERNEL32.dll
 0002:0000000c       __imp__GetProcAddress@8    0040800c     kernel32:KERNEL32.dll
 0002:00000010       __imp__GetModuleHandleA@4  00408010     kernel32:KERNEL32.dll
 0002:00000014       __imp__TerminateProcess@8  00408014     kernel32:KERNEL32.dll
 0002:00000018       __imp__GetCurrentProcess@0 00408018     kernel32:KERNEL32.dll
 0002:0000001c       __imp__UnhandledExceptionFilter@4 0040801c     kernel32:KERNEL32.dll
 0002:00000020       __imp__GetModuleFileNameA@12 00408020     kernel32:KERNEL32.dll
 0002:00000024       __imp__FreeEnvironmentStringsA@4 00408024     kernel32:KERNEL32.dll
 0002:00000028       __imp__FreeEnvironmentStringsW@4 00408028     kernel32:KERNEL32.dll
 0002:0000002c       __imp__WideCharToMultiByte@32 0040802c     kernel32:KERNEL32.dll
 0002:00000030       __imp__GetEnvironmentStrings@0 00408030     kernel32:KERNEL32.dll
 0002:00000034       __imp__GetEnvironmentStringsW@0 00408034     kernel32:KERNEL32.dll
 0002:00000038       __imp__SetHandleCount@4    00408038     kernel32:KERNEL32.dll
 0002:0000003c       __imp__GetStdHandle@4      0040803c     kernel32:KERNEL32.dll
 0002:00000040       __imp__GetFileType@4       00408040     kernel32:KERNEL32.dll
 0002:00000044       __imp__GetStartupInfoA@4   00408044     kernel32:KERNEL32.dll
 0002:00000048       __imp__HeapDestroy@4       00408048     kernel32:KERNEL32.dll
 0002:0000004c       __imp__HeapCreate@12       0040804c     kernel32:KERNEL32.dll
 0002:00000050       __imp__VirtualFree@12      00408050     kernel32:KERNEL32.dll
 0002:00000054       __imp__HeapFree@12         00408054     kernel32:KERNEL32.dll
 0002:00000058       __imp__RtlUnwind@16        00408058     kernel32:KERNEL32.dll
 0002:0000005c       __imp__WriteFile@20        0040805c     kernel32:KERNEL32.dll
 0002:00000060       __imp__HeapAlloc@12        00408060     kernel32:KERNEL32.dll
 0002:00000064       __imp__GetCommandLineA@0   00408064     kernel32:KERNEL32.dll
 0002:00000068       __imp__GetACP@0            00408068     kernel32:KERNEL32.dll
 0002:0000006c       __imp__GetOEMCP@0          0040806c     kernel32:KERNEL32.dll
 0002:00000070       __imp__VirtualAlloc@16     00408070     kernel32:KERNEL32.dll
 0002:00000074       __imp__HeapReAlloc@16      00408074     kernel32:KERNEL32.dll
 0002:00000078       __imp__IsBadWritePtr@8     00408078     kernel32:KERNEL32.dll
 0002:0000007c       __imp__LoadLibraryA@4      0040807c     kernel32:KERNEL32.dll
 0002:00000080       __imp__GetLastError@0      00408080     kernel32:KERNEL32.dll
 0002:00000084       __imp__FlushFileBuffers@4  00408084     kernel32:KERNEL32.dll
 0002:00000088       __imp__SetFilePointer@16   00408088     kernel32:KERNEL32.dll
 0002:0000008c       __imp__MultiByteToWideChar@24 0040808c     kernel32:KERNEL32.dll
 0002:00000090       __imp__GetStringTypeA@20   00408090     kernel32:KERNEL32.dll
 0002:00000094       __imp__GetStringTypeW@16   00408094     kernel32:KERNEL32.dll
 0002:00000098       __imp__LCMapStringA@24     00408098     kernel32:KERNEL32.dll
 0002:0000009c       __imp__LCMapStringW@24     0040809c     kernel32:KERNEL32.dll
 0002:000000a0       __imp__SetStdHandle@8      004080a0     kernel32:KERNEL32.dll
 0002:000000a4       __imp__CloseHandle@4       004080a4     kernel32:KERNEL32.dll
 0002:000000a8       __imp__ReadConsoleInputA@16 004080a8     kernel32:KERNEL32.dll
 0002:000000ac       __imp__SetConsoleMode@8    004080ac     kernel32:KERNEL32.dll
 0002:000000b0       __imp__GetConsoleMode@8    004080b0     kernel32:KERNEL32.dll
 0002:000000b4       __imp__PeekConsoleInputA@16 004080b4     kernel32:KERNEL32.dll
 0002:000000b8       __imp__GetNumberOfConsoleInputEvents@8 004080b8     kernel32:KERNEL32.dll
 0002:000000bc       __imp__CreateFileA@28      004080bc     kernel32:KERNEL32.dll
 0002:000000c0       __imp__WriteConsoleA@20    004080c0     kernel32:KERNEL32.dll
 0002:000000c4       \177KERNEL32_NULL_THUNK_DATA 004080c4     kernel32:KERNEL32.dll
 0002:000000ec       __real@4@3fff8000000000000000 004080ec     Tests.obj
 0002:000000f0       __real@4@00000000000000000000 004080f0     Tests.obj
 0002:00000104       ___lookuptable             00408104     LIBC:output.obj
 0002:00000160       ??_C@_1O@POHA@?$AA?$CI?$AAn?$AAu?$AAl?$AAl?$AA?$CJ?$AA?$AA@ 00408160     LIBC:output.obj
 0002:00000170       ??_C@_06ONKE@?$CInull?$CJ?$AA@ 00408170     LIBC:output.obj
 0002:00000178       __real@8@3fff8000000000000000 00408178     LIBC:testfdiv.obj
 0002:00000180       __real@8@4015800bf60000000000 00408180     LIBC:testfdiv.obj
 0002:00000188       __real@8@4014bffffc0000000000 00408188     LIBC:testfdiv.obj
 0002:00000190       ??_C@_0BK@JEGK@IsProcessorFeaturePresent?$AA@ 00408190     LIBC:testfdiv.obj
 0002:000001ac       ??_C@_08OBID@KERNEL32?$AA@ 004081ac     LIBC:testfdiv.obj
 0002:000001b8       __real@8@00000000000000000000 004081b8     LIBC:cvt.obj
 0002:000001c0       ??_C@_05OFLO@e?$CL000?$AA@ 004081c0     LIBC:cvt.obj
 0002:000001c8       ??_C@_0P@GGKG@runtime?5error?5?$AA@ 004081c8     LIBC:crt0msg.obj
 0002:000001d8       ??_C@_02PIMC@?$AN?6?$AA@   004081d8     LIBC:crt0msg.obj
 0002:000001dc       ??_C@_0O@DELO@TLOSS?5error?$AN?6?$AA@ 004081dc     LIBC:crt0msg.obj
 0002:000001ec       ??_C@_0N@OMLL@SING?5error?$AN?6?$AA@ 004081ec     LIBC:crt0msg.obj
 0002:000001fc       ??_C@_0P@OJAK@DOMAIN?5error?$AN?6?$AA@ 004081fc     LIBC:crt0msg.obj
 0002:0000020c       ??_C@_0CF@EANP@R6028?$AN?6?9?5unable?5to?5initialize?5he@ 0040820c     LIBC:crt0msg.obj
 0002:00000234       ??_C@_0DF@ECGN@R6027?$AN?6?9?5not?5enough?5space?5for?5lo@ 00408234     LIBC:crt0msg.obj
 0002:0000026c       ??_C@_0DF@FKAC@R6026?$AN?6?9?5not?5enough?5space?5for?5st@ 0040826c     LIBC:crt0msg.obj
 0002:000002a4       ??_C@_0CG@DPMN@R6025?$AN?6?9?5pure?5virtual?5function?5c@ 004082a4     LIBC:crt0msg.obj
 0002:000002cc       ??_C@_0DF@CKIP@R6024?$AN?6?9?5not?5enough?5space?5for?5_o@ 004082cc     LIBC:crt0msg.obj
 0002:00000304       ??_C@_0CJ@GGOE@R6019?$AN?6?9?5unable?5to?5open?5console?5@ 00408304     LIBC:crt0msg.obj
 0002:00000330       ??_C@_0CB@LBOB@R6018?$AN?6?9?5unexpected?5heap?5error?$AN?6@ 00408330     LIBC:crt0msg.obj
 0002:00000354       ??_C@_0CN@FPEG@R6017?$AN?6?9?5unexpected?5multithread?5@ 00408354     LIBC:crt0msg.obj
 0002:00000384       ??_C@_0CM@OBIC@R6016?$AN?6?9?5not?5enough?5space?5for?5th@ 00408384     LIBC:crt0msg.obj
 0002:000003b0       ??_C@_0CB@HPAL@?$AN?6abnormal?5program?5termination?$AN?6@ 004083b0     LIBC:crt0msg.obj
 0002:000003d4       ??_C@_0CM@JOOB@R6009?$AN?6?9?5not?5enough?5space?5for?5en@ 004083d4     LIBC:crt0msg.obj
 0002:00000400       ??_C@_0CK@OIBL@R6008?$AN?6?9?5not?5enough?5space?5for?5ar@ 00408400     LIBC:crt0msg.obj
 0002:0000042c       ??_C@_0CF@LKPB@R6002?$AN?6?9?5floating?5point?5not?5load@ 0040842c     LIBC:crt0msg.obj
 0002:00000454       ??_C@_0CF@JPDF@Microsoft?5Visual?5C?$CL?$CL?5Runtime?5Lib@ 00408454     LIBC:crt0msg.obj
 0002:0000047c       ??_C@_02JJJH@?6?6?$AA@     0040847c     LIBC:crt0msg.obj
 0002:00000480       ??_C@_0BK@DEOK@Runtime?5Error?$CB?6?6Program?3?5?$AA@ 00408480     LIBC:crt0msg.obj
 0002:0000049c       ??_C@_03NAME@?4?4?4?$AA@   0040849c     LIBC:crt0msg.obj
 0002:000004a0       ??_C@_0BH@NNCD@?$DMprogram?5name?5unknown?$DO?$AA@ 004084a0     LIBC:crt0msg.obj
 0002:000004b8       ??_C@_0BD@NJFP@GetLastActivePopup?$AA@ 004084b8     LIBC:crtmbox.obj
 0002:000004cc       ??_C@_0BA@GILI@GetActiveWindow?$AA@ 004084cc     LIBC:crtmbox.obj
 0002:000004dc       ??_C@_0M@PKCK@MessageBoxA?$AA@ 004084dc     LIBC:crtmbox.obj
 0002:000004e8       ??_C@_0L@HKL@user32?4dll?$AA@ 004084e8     LIBC:crtmbox.obj
 0002:000004f4       ??_C@_01A@?$AA?$AA@        004084f4     LIBC:a_str.obj
 0002:000004f8       ??_C@_13A@?$AA?$AA?$AA?$AA@ 004084f8     LIBC:a_str.obj
 0002:00000528       ??_C@_06PAPI@1?$CDQNAN?$AA@ 00408528     LIBC:x10fout.obj
 0002:00000530       ??_C@_05BGNL@1?$CDINF?$AA@ 00408530     LIBC:x10fout.obj
 0002:00000538       ??_C@_05EDPF@1?$CDIND?$AA@ 00408538     LIBC:x10fout.obj
 0002:00000540       ??_C@_06LKFM@1?$CDSNAN?$AA@ 00408540     LIBC:x10fout.obj
 0002:00000548       ??_C@_06MICP@CONIN$?$AA@   00408548     LIBC:initcon.obj
 0002:00000550       ??_C@_07GLCC@CONOUT$?$AA@  00408550     LIBC:initcon.obj
 0002:00000558       __IMPORT_DESCRIPTOR_KERNEL32 00408558     kernel32:KERNEL32.dll
 0002:0000056c       __NULL_IMPORT_DESCRIPTOR   0040856c     kernel32:KERNEL32.dll
 0003:00000000       ___xc_a                    00409000     LIBC:crt0init.obj
 0003:00000004       ___xc_z                    00409004     LIBC:crt0init.obj
 0003:00000008       ___xi_a                    00409008     LIBC:crt0init.obj
 0003:00000014       ___xi_z                    00409014     LIBC:crt0init.obj
 0003:00000018       ___xp_a                    00409018     LIBC:crt0init.obj
 0003:00000024       ___xp_z                    00409024     LIBC:crt0init.obj
 0003:00000028       ___xt_a                    00409028     LIBC:crt0init.obj
 0003:0000002c       ___xt_z                    0040902c     LIBC:crt0init.obj
 0003:00000030       ??_C@_0O@GNBA@Check?5failed?6?$AA@ 00409030     Tests.obj
 0003:00000040       ??_C@_0BD@LBKH@Check?5successfull?6?$AA@ 00409040     Tests.obj
 0003:00000054       __fltused                  00409054     LIBC:fpinit.obj
 0003:00000058       __ldused                   00409058     LIBC:fpinit.obj
 0003:0000005c       __FPinit                   0040905c     LIBC:fpinit.obj
 0003:00000060       __FPmtinit                 00409060     LIBC:fpinit.obj
 0003:00000064       __FPmtterm                 00409064     LIBC:fpinit.obj
 0003:00000068       __aexit_rtn                00409068     LIBC:crt0.obj
 0003:0000006c       ___app_type                0040906c     LIBC:crt0.obj
 0003:00000070       ___nullstring              00409070     LIBC:output.obj
 0003:00000074       ___wnullstring             00409074     LIBC:output.obj
 0003:00000078       __iob                      00409078     LIBC:_file.obj
 0003:000002f8       __cfltcvt_tab              004092f8     LIBC:cmiscdat.obj
 0003:00000310       __XcptActTab               00409310     LIBC:winxfltr.obj
 0003:00000388       __First_FPE_Indx           00409388     LIBC:winxfltr.obj
 0003:0000038c       __Num_FPE                  0040938c     LIBC:winxfltr.obj
 0003:00000390       __XcptActTabCount          00409390     LIBC:winxfltr.obj
 0003:00000394       __fpecode                  00409394     LIBC:winxfltr.obj
 0003:00000398       ___badioinfo               00409398     LIBC:ioinit.obj
 0003:000003a0       __amblksiz                 004093a0     LIBC:heapinit.obj
 0003:000003a4       __NLG_Destination          004093a4     LIBC:exsup.obj
 0003:00000450       __pctype                   00409450     LIBC:ctype.obj
 0003:00000454       __pwctype                  00409454     LIBC:ctype.obj
 0003:00000458       __ctype                    00409458     LIBC:ctype.obj
 0003:00000660       ___mb_cur_max              00409660     LIBC:nlsdata1.obj
 0003:00000664       ___decimal_point           00409664     LIBC:nlsdata1.obj
 0003:00000668       ___decimal_point_length    00409668     LIBC:nlsdata1.obj
 0003:000007a0       ___sbh_threshold           004097a0     LIBC:sbheap.obj
 0003:00000920       __pow10pos                 00409920     LIBC:constpow.obj
 0003:00000a80       __pow10neg                 00409a80     LIBC:constpow.obj
 0003:00000f24       __coninpfh                 00409f24     LIBC:initcon.obj
 0003:00000f28       __confh                    00409f28     LIBC:initcon.obj
 0003:00000f30       ?hmod@@3PAUHINSTANCE__@@A  00409f30     Tests.obj
 0003:00000f34       ___fastflag                00409f34     LIBC:fpinit.obj
 0003:00000f38       __adjust_fdiv              00409f38     LIBC:fpinit.obj
 0003:00000f3c       __aenvptr                  00409f3c     LIBC:crt0.obj
 0003:00000f40       __wenvptr                  00409f40     LIBC:crt0.obj
 0003:00000f44       ___error_mode              00409f44     LIBC:crt0.obj
 0003:00000f48       __stdbuf                   00409f48     LIBC:_sftbuf.obj
 0003:00000f50       __cflush                   00409f50     LIBC:_file.obj
 0003:00000f64       _errno                     00409f64     LIBC:crt0dat.obj
 0003:00000f68       __doserrno                 00409f68     LIBC:crt0dat.obj
 0003:00000f6c       __umaskval                 00409f6c     LIBC:crt0dat.obj
 0003:00000f70       __osver                    00409f70     LIBC:crt0dat.obj
 0003:00000f74       __winver                   00409f74     LIBC:crt0dat.obj
 0003:00000f78       __winmajor                 00409f78     LIBC:crt0dat.obj
 0003:00000f7c       __winminor                 00409f7c     LIBC:crt0dat.obj
 0003:00000f80       ___argc                    00409f80     LIBC:crt0dat.obj
 0003:00000f84       ___argv                    00409f84     LIBC:crt0dat.obj
 0003:00000f88       ___wargv                   00409f88     LIBC:crt0dat.obj
 0003:00000f8c       __environ                  00409f8c     LIBC:crt0dat.obj
 0003:00000f90       ___initenv                 00409f90     LIBC:crt0dat.obj
 0003:00000f94       __wenviron                 00409f94     LIBC:crt0dat.obj
 0003:00000f98       ___winitenv                00409f98     LIBC:crt0dat.obj
 0003:00000f9c       __pgmptr                   00409f9c     LIBC:crt0dat.obj
 0003:00000fa0       __wpgmptr                  00409fa0     LIBC:crt0dat.obj
 0003:00000fa4       __exitflag                 00409fa4     LIBC:crt0dat.obj
 0003:00000fa8       __C_Termination_Done       00409fa8     LIBC:crt0dat.obj
 0003:00000fac       __C_Exit_Done              00409fac     LIBC:crt0dat.obj
 0003:00000fb0       __pxcptinfoptrs            00409fb0     LIBC:winxfltr.obj
 0003:000010bc       __adbgmsg                  0040a0bc     LIBC:crt0msg.obj
 0003:00001100       __newmode                  0040a100     LIBC:_newmode.obj
 0003:00001104       ?_pnhHeap@@3P6AHI@ZA       0040a104     LIBC:handler.obj
 0003:00001108       ___lc_handle               0040a108     LIBC:nlsdata2.obj
 0003:00001120       ___lc_codepage             0040a120     LIBC:nlsdata2.obj
 0003:00001124       ___lc_collate_cp           0040a124     LIBC:nlsdata2.obj
 0003:00001130       ___sbh_sizeHeaderList      0040a130     <common>
 0003:00001134       ___sbh_indGroupDefer       0040a134     <common>
 0003:00001138       ___sbh_pHeaderScan         0040a138     <common>
 0003:0000113c       ___sbh_pHeaderDefer        0040a13c     <common>
 0003:00001140       ___sbh_cntHeaderList       0040a140     <common>
 0003:00001144       ___sbh_pHeaderList         0040a144     <common>
 0003:00001148       ___mbcodepage              0040a148     <common>
 0003:00001150       ___mbulinfo                0040a150     <common>
 0003:0000115c       ___ismbcodepage            0040a15c     <common>
 0003:00001160       __mbcasemap                0040a160     <common>
 0003:00001260       __mbctype                  0040a260     <common>
 0003:00001364       ___mblcid                  0040a364     <common>
 0003:00001368       __crtheap                  0040a368     <common>
 0003:00001380       ___pioinfo                 0040a380     <common>
 0003:00001480       __nhandle                  0040a480     <common>
 0003:00001484       ___env_initialized         0040a484     <common>
 0003:00001488       ___mbctype_initialized     0040a488     <common>
 0003:0000148c       ___onexitend               0040a48c     <common>
 0003:00001490       ___onexitbegin             0040a490     <common>
 0003:00001494       ___piob                    0040a494     <common>
 0003:000014a0       __bufin                    0040a4a0     <common>
 0003:000024a0       __nstream                  0040b4a0     <common>
 0003:000024a4       __acmdln                   0040b4a4     <common>

 entry point at        0001:00000191

 Static symbols

 0001:00006334       __getextendedkeycode       00407334 f   LIBC:getch.obj
 0001:00005064       _strncnt                   00406064 f   LIBC:a_map.obj
 0001:000035e0       LeadUp1                    004045e0 f   LIBC:memcpy.obj
 0001:0000360c       LeadUp2                    0040460c f   LIBC:memcpy.obj
 0001:00003630       LeadUp3                    00404630 f   LIBC:memcpy.obj
 0001:000036af       UnwindUp0                  004046af f   LIBC:memcpy.obj
 0001:0000369c       UnwindUp1                  0040469c f   LIBC:memcpy.obj
 0001:00003694       UnwindUp2                  00404694 f   LIBC:memcpy.obj
 0001:0000368c       UnwindUp3                  0040468c f   LIBC:memcpy.obj
 0001:00003684       UnwindUp4                  00404684 f   LIBC:memcpy.obj
 0001:0000367c       UnwindUp5                  0040467c f   LIBC:memcpy.obj
 0001:00003674       UnwindUp6                  00404674 f   LIBC:memcpy.obj
 0001:0000366c       UnwindUp7                  0040466c f   LIBC:memcpy.obj
 0001:000036c8       TrailUp0                   004046c8 f   LIBC:memcpy.obj
 0001:000036d0       TrailUp1                   004046d0 f   LIBC:memcpy.obj
 0001:000036dc       TrailUp2                   004046dc f   LIBC:memcpy.obj
 0001:000036f0       TrailUp3                   004046f0 f   LIBC:memcpy.obj
 0001:00003768       LeadDown1                  00404768 f   LIBC:memcpy.obj
 0001:00003788       LeadDown2                  00404788 f   LIBC:memcpy.obj
 0001:000037b0       LeadDown3                  004047b0 f   LIBC:memcpy.obj
 0001:00003804       UnwindDown7                00404804 f   LIBC:memcpy.obj
 0001:0000380c       UnwindDown6                0040480c f   LIBC:memcpy.obj
 0001:00003814       UnwindDown5                00404814 f   LIBC:memcpy.obj
 0001:0000381c       UnwindDown4                0040481c f   LIBC:memcpy.obj
 0001:00003824       UnwindDown3                00404824 f   LIBC:memcpy.obj
 0001:0000382c       UnwindDown2                0040482c f   LIBC:memcpy.obj
 0001:00003834       UnwindDown1                00404834 f   LIBC:memcpy.obj
 0001:00003847       UnwindDown0                00404847 f   LIBC:memcpy.obj
 0001:00003860       TrailDown0                 00404860 f   LIBC:memcpy.obj
 0001:00003868       TrailDown1                 00404868 f   LIBC:memcpy.obj
 0001:00003878       TrailDown2                 00404878 f   LIBC:memcpy.obj
 0001:0000388c       TrailDown3                 0040488c f   LIBC:memcpy.obj
 0001:00003316       _getSystemCP               00404316 f   LIBC:mbctype.obj
 0001:00003360       _CPtoLCID                  00404360 f   LIBC:mbctype.obj
 0001:00003393       _setSBCS                   00404393 f   LIBC:mbctype.obj
 0001:000033bc       _setSBUpLow                004043bc f   LIBC:mbctype.obj
 0001:00002e80       LeadUp1                    00403e80 f   LIBC:memmove.obj
 0001:00002eac       LeadUp2                    00403eac f   LIBC:memmove.obj
 0001:00002ed0       LeadUp3                    00403ed0 f   LIBC:memmove.obj
 0001:00002f4f       UnwindUp0                  00403f4f f   LIBC:memmove.obj
 0001:00002f3c       UnwindUp1                  00403f3c f   LIBC:memmove.obj
 0001:00002f34       UnwindUp2                  00403f34 f   LIBC:memmove.obj
 0001:00002f2c       UnwindUp3                  00403f2c f   LIBC:memmove.obj
 0001:00002f24       UnwindUp4                  00403f24 f   LIBC:memmove.obj
 0001:00002f1c       UnwindUp5                  00403f1c f   LIBC:memmove.obj
 0001:00002f14       UnwindUp6                  00403f14 f   LIBC:memmove.obj
 0001:00002f0c       UnwindUp7                  00403f0c f   LIBC:memmove.obj
 0001:00002f68       TrailUp0                   00403f68 f   LIBC:memmove.obj
 0001:00002f70       TrailUp1                   00403f70 f   LIBC:memmove.obj
 0001:00002f7c       TrailUp2                   00403f7c f   LIBC:memmove.obj
 0001:00002f90       TrailUp3                   00403f90 f   LIBC:memmove.obj
 0001:00003008       LeadDown1                  00404008 f   LIBC:memmove.obj
 0001:00003028       LeadDown2                  00404028 f   LIBC:memmove.obj
 0001:00003050       LeadDown3                  00404050 f   LIBC:memmove.obj
 0001:000030a4       UnwindDown7                004040a4 f   LIBC:memmove.obj
 0001:000030ac       UnwindDown6                004040ac f   LIBC:memmove.obj
 0001:000030b4       UnwindDown5                004040b4 f   LIBC:memmove.obj
 0001:000030bc       UnwindDown4                004040bc f   LIBC:memmove.obj
 0001:000030c4       UnwindDown3                004040c4 f   LIBC:memmove.obj
 0001:000030cc       UnwindDown2                004040cc f   LIBC:memmove.obj
 0001:000030d4       UnwindDown1                004040d4 f   LIBC:memmove.obj
 0001:000030e7       UnwindDown0                004040e7 f   LIBC:memmove.obj
 0001:00003100       TrailDown0                 00404100 f   LIBC:memmove.obj
 0001:00003108       TrailDown1                 00404108 f   LIBC:memmove.obj
 0001:00003118       TrailDown2                 00404118 f   LIBC:memmove.obj
 0001:0000312c       TrailDown3                 0040412c f   LIBC:memmove.obj
 0001:000023eb       __abstract_cw              004033eb f   LIBC:ieee87.obj
 0001:0000247d       __hw_cw                    0040347d f   LIBC:ieee87.obj
 0001:00002506       __abstract_sw              00403506 f   LIBC:ieee87.obj
 0001:00001f1f       _flsall                    00402f1f f   LIBC:fflush.obj
 0001:00001a70       _gu_return                 00402a70 f   LIBC:exsup.obj
 0001:00001a78       __unwind_handler           00402a78 f   LIBC:exsup.obj
 0001:000014f0       _parse_cmdline             004024f0 f   LIBC:stdargv.obj
 0001:0000135b       _xcptlookup                0040235b f   LIBC:winxfltr.obj
 0001:00001167       _doexit                    00402167 f   LIBC:crt0dat.obj
 0001:00001200       __initterm                 00402200 f   LIBC:crt0dat.obj
 0001:0000103a       __cftoe_g                  0040203a f   LIBC:cvt.obj
 0001:00001061       __cftof_g                  00402061 f   LIBC:cvt.obj
 0001:000010d5       __shift                    004020d5 f   LIBC:cvt.obj
 0001:00000ac4       _write_char                00401ac4 f   LIBC:output.obj
 0001:00000af9       _write_multi_char          00401af9 f   LIBC:output.obj
 0001:00000b2a       _write_string              00401b2a f   LIBC:output.obj
 0001:00000b62       _get_int_arg               00401b62 f   LIBC:output.obj
 0001:00000b6f       _get_int64_arg             00401b6f f   LIBC:output.obj
 0001:00000b7f       _get_short_arg             00401b7f f   LIBC:output.obj
 0001:00000295       _fast_error_exit           00401295 f   LIBC:crt0.obj
